// 重构日志: ae3cb921
// 重构日志: 684649e1
// 同步 ID: e591f41d @ Thu Jul 23 01:39:35 UTC 2026
// 重构日志: 6f0ab817
// 重构日志: 57b647f3
// 重构日志: 2965d77d
// 同步 ID: 8b4ea000 @ Fri Jul 24 00:05:32 UTC 2026
// 同步 ID: 96d8d11a @ Fri Jul 24 00:59:34 UTC 2026
// 同步 ID: b1789756 @ Fri Jul 24 05:40:10 UTC 2026
// 同步 ID: 7fdb928f @ Sat Jul 25 16:29:36 UTC 2026
// 重构日志: 25839f2b
// 重构日志: f7694835
// 重构日志: 05a0de57
// 同步 ID: ce263941 @ Mon Jul 27 13:35:06 UTC 2026
// 重构日志: 00b0e9ac
// 重构日志: 8fd1d732
// 同步 ID: a0050439 @ Tue Jul 28 23:18:16 UTC 2026
// 重构日志: 6a741c3f
// 重构日志: 388d5df2
// 同步 ID: 8c58c005 @ Thu Jul 30 12:16:56 UTC 2026
// 重构日志: 010daf32
// 重构日志: 4be40341
// 重构日志: 2e96714a
// 重构日志: 757468a1
// 重构日志: bb3978c4
// 重构日志: b16022aa
// 重构日志: 6c55bce3
// 重构日志: 88396e77
// 重构日志: 1cf27170
// 同步 ID: 69c2dcfe @ Fri Aug  7 01:06:18 UTC 2026
